2025-03-16 00:17:42 DEBUG TestNG:82 - suiteXmlPath: "C:\Users\Sathe\git\Learn\Master.xml"
2025-03-16 00:17:42 INFO  Utils:112 - [TestNG] Running:
  C:\Users\Sathe\git\Learn\Master.xml

2025-03-16 00:17:46 INFO  TC_001:16 - Test started TC_001
2025-03-16 00:17:46 INFO  TC_001:24 - validation.......
2025-03-16 00:17:46 INFO  TC_001:33 - finished....
2025-03-16 00:17:47 INFO  TC_001:16 - Test started TC_001
2025-03-16 00:17:47 INFO  TC_001:24 - validation.......
2025-03-16 00:17:47 INFO  TC_001:33 - finished....
2025-03-16 00:18:08 DEBUG TestNG:82 - suiteXmlPath: "C:\Users\Sathe\git\Learn\Master.xml"
2025-03-16 00:18:09 INFO  Utils:112 - [TestNG] Running:
  C:\Users\Sathe\git\Learn\Master.xml

2025-03-16 00:18:11 INFO  TC_001:16 - Test started TC_001
2025-03-16 00:18:11 INFO  TC_001:24 - validation.......
2025-03-16 00:18:11 INFO  TC_001:33 - finished....
2025-03-16 01:22:30 DEBUG TestNG:82 - suiteXmlPath: "C:\Users\Sathe\git\Learn\Master.xml"
2025-03-16 01:22:31 INFO  Utils:112 - [TestNG] Running:
  C:\Users\Sathe\git\Learn\Master.xml

2025-03-16 01:22:34 INFO  TC_002:17 - **Login initiated**
2025-03-16 01:22:34 INFO  TC_002:22 - **Login finished**
2025-03-16 01:22:34 INFO  TC_002:24 - **Homepage Loaded**
2025-03-16 01:23:21 DEBUG TestNG:82 - suiteXmlPath: "C:\Users\Sathe\git\Learn\Master.xml"
2025-03-16 01:23:21 INFO  Utils:112 - [TestNG] Running:
  C:\Users\Sathe\git\Learn\Master.xml

2025-03-16 01:23:23 INFO  TC_002:17 - **Login initiated**
2025-03-16 01:23:24 INFO  TC_002:22 - **Login finished**
2025-03-16 01:23:24 INFO  TC_002:24 - **Homepage Loaded**
2025-03-16 01:25:52 DEBUG TestNG:82 - suiteXmlPath: "C:\Users\Sathe\git\Learn\Master.xml"
2025-03-16 01:25:52 INFO  Utils:112 - [TestNG] Running:
  C:\Users\Sathe\git\Learn\Master.xml

2025-03-16 01:25:54 INFO  TC_002:17 - **Login initiated**
2025-03-16 01:25:55 INFO  TC_002:22 - **Login finished**
2025-03-16 01:25:55 INFO  TC_002:24 - **Homepage Loaded**
2025-03-16 01:28:32 DEBUG TestNG:82 - suiteXmlPath: "C:\Users\Sathe\AppData\Local\Temp\testng-eclipse--1170530307\testng-customsuite.xml"
2025-03-16 01:28:33 INFO  Utils:112 - [Utils] MethodGroupsHelper.collectMethodsByGroup() took 0 ms.
2025-03-16 01:28:33 INFO  Utils:112 - [Utils] MethodGroupsHelper.sortMethods() took 1 ms.
2025-03-16 01:28:33 INFO  Utils:112 - [Utils] MethodGroupsHelper.collectMethodsByGroup() took 0 ms.
2025-03-16 01:28:33 INFO  Utils:112 - [Utils] MethodGroupsHelper.sortMethods() took 0 ms.
2025-03-16 01:28:33 INFO  Utils:112 - [Utils] MethodGroupsHelper.collectMethodsByGroup() took 0 ms.
2025-03-16 01:28:33 INFO  Utils:112 - [Utils] MethodGroupsHelper.sortMethods() took 0 ms.
2025-03-16 01:28:33 INFO  Utils:112 - [Utils] MethodGroupsHelper.collectMethodsByGroup() took 0 ms.
2025-03-16 01:28:33 INFO  Utils:112 - [Utils] MethodGroupsHelper.sortMethods() took 0 ms.
2025-03-16 01:28:33 INFO  Utils:112 - [Utils] MethodGroupsHelper.collectMethodsByGroup() took 3 ms.
2025-03-16 01:28:33 INFO  Utils:112 - [Utils] MethodGroupsHelper.sortMethods() took 11 ms.
2025-03-16 01:28:33 INFO  Utils:112 - [Utils] MethodGroupsHelper.collectMethodsByGroup() took 1 ms.
2025-03-16 01:28:33 INFO  Utils:112 - [Utils] MethodGroupsHelper.sortMethods() took 0 ms.
2025-03-16 01:28:33 INFO  Utils:112 - [Utils] MethodGroupsHelper.collectMethodsByGroup() took 0 ms.
2025-03-16 01:28:33 INFO  Utils:112 - [Utils] MethodGroupsHelper.sortMethods() took 0 ms.
2025-03-16 01:28:33 INFO  Utils:112 - [Utils] MethodGroupsHelper.collectMethodsByGroup() took 0 ms.
2025-03-16 01:28:33 INFO  Utils:112 - [Utils] MethodGroupsHelper.sortMethods() took 0 ms.
2025-03-16 01:28:33 INFO  Utils:112 - [Utils] MethodGroupsHelper.collectMethodsByGroup() took 0 ms.
2025-03-16 01:28:33 INFO  Utils:112 - [Utils] MethodGroupsHelper.sortMethods() took 0 ms.
2025-03-16 01:28:33 INFO  Utils:112 - [Utils] MethodGroupsHelper.collectMethodsByGroup() took 0 ms.
2025-03-16 01:28:33 INFO  Utils:112 - [Utils] MethodGroupsHelper.sortMethods() took 0 ms.
2025-03-16 01:28:33 INFO  Utils:112 - [Utils] MethodGroupsHelper.collectMethodsByGroup() took 0 ms.
2025-03-16 01:28:33 INFO  Utils:112 - [Utils] MethodGroupsHelper.sortMethods() took 0 ms.
2025-03-16 01:28:33 INFO  Utils:112 - [Utils] MethodGroupsHelper.collectMethodsByGroup() took 0 ms.
2025-03-16 01:28:33 INFO  Utils:112 - [Utils] MethodGroupsHelper.sortMethods() took 0 ms.
2025-03-16 01:28:33 INFO  Utils:112 - [Utils] MethodGroupsHelper.collectMethodsByGroup() took 0 ms.
2025-03-16 01:28:33 INFO  Utils:112 - [Utils] MethodGroupsHelper.sortMethods() took 0 ms.
2025-03-16 01:28:33 INFO  Utils:112 - [Utils] MethodGroupsHelper.collectMethodsByGroup() took 0 ms.
2025-03-16 01:28:33 INFO  Utils:112 - [Utils] MethodGroupsHelper.sortMethods() took 0 ms.
2025-03-16 01:28:33 INFO  Utils:112 - [Utils] MethodGroupsHelper.collectMethodsByGroup() took 0 ms.
2025-03-16 01:28:33 INFO  Utils:112 - [Utils] MethodGroupsHelper.sortMethods() took 0 ms.
2025-03-16 01:28:33 INFO  Utils:112 - [TestNG] Running:
  C:\Users\Sathe\AppData\Local\Temp\testng-eclipse--1170530307\testng-customsuite.xml

2025-03-16 01:28:33 INFO  Utils:112 - [Utils] DynamicGraphHelper.createDynamicGraph() took 8 ms.
2025-03-16 01:28:33 INFO  Utils:112 - [TestNG] Time taken by org.testng.reporters.jq.Main@2a2c13a8: 52 ms
2025-03-16 01:28:33 INFO  Utils:112 - [TestNG] Time taken by org.testng.reporters.FailedReporter@45e37a7e: 11 ms
2025-03-16 01:28:33 INFO  Utils:112 - [TestNG] Time taken by org.testng.reporters.XMLReporter@68b6f0d6: 10 ms
2025-03-16 01:28:33 INFO  Utils:112 - [TestNG] Time taken by org.testng.reporters.EmailableReporter2@4c398c80: 8 ms
2025-03-16 01:28:33 INFO  Utils:112 - [TestNG] Time taken by org.testng.reporters.JUnitReportReporter@40cb698e: 8 ms
2025-03-16 01:28:33 INFO  Utils:112 - [TestNG] Time taken by org.testng.internal.ExitCodeListener@3382f8ae: 0 ms
2025-03-16 01:28:45 DEBUG TestNG:82 - suiteXmlPath: "C:\Users\Sathe\git\Learn\Master.xml"
2025-03-16 01:28:46 INFO  Utils:112 - [TestNG] Running:
  C:\Users\Sathe\git\Learn\Master.xml

2025-03-16 01:28:48 INFO  TC_002:17 - **Login initiated**
2025-03-16 01:28:48 INFO  TC_002:22 - **Login finished**
2025-03-16 01:28:48 INFO  TC_002:24 - **Homepage Loaded**
2025-03-16 01:30:27 DEBUG TestNG:82 - suiteXmlPath: "C:\Users\Sathe\git\Learn\Master.xml"
2025-03-16 01:30:27 INFO  Utils:112 - [TestNG] Running:
  C:\Users\Sathe\git\Learn\Master.xml

2025-03-16 01:30:29 INFO  TC_002:17 - **Login initiated**
2025-03-16 01:30:30 INFO  TC_002:22 - **Login finished**
2025-03-16 01:30:30 INFO  TC_002:24 - **Homepage Loaded**
2025-03-16 01:39:15 DEBUG TestNG:82 - suiteXmlPath: "C:\Users\Sathe\git\Learn\Master.xml"
2025-03-16 01:39:15 INFO  Utils:112 - [TestNG] Running:
  C:\Users\Sathe\git\Learn\Master.xml

2025-03-16 01:39:18 INFO  TC_002:18 - **Login initiated**
2025-03-16 01:39:18 INFO  TC_002:23 - **Login finished**
2025-03-16 01:39:18 INFO  TC_002:26 - **Homepage Loaded**
2025-03-16 01:40:25 DEBUG TestNG:82 - suiteXmlPath: "C:\Users\Sathe\git\Learn\Master.xml"
2025-03-16 01:40:25 INFO  Utils:112 - [TestNG] Running:
  C:\Users\Sathe\git\Learn\Master.xml

2025-03-16 01:40:27 INFO  TC_002:18 - **Login initiated**
2025-03-16 01:40:27 INFO  TC_002:23 - **Login finished**
2025-03-16 01:40:27 INFO  TC_002:26 - **Homepage Loaded**
2025-03-16 01:40:31 INFO  TC_002:34 - **Homepage finished**
